como-funciona-1280.jpg             1441526 B
como-funciona-360.jpg               974222 B
como-funciona-768.jpg              1213493 B
creditos-1280.jpg                   835889 B
creditos-360.jpg                    771951 B
creditos-768.jpg                    792346 B
inspecao-1280.jpg                   158967 B
inspecao-360.jpg                    133803 B
inspecao-768.jpg                    178506 B
inspecao-resultado-1280.jpg         184538 B
inspecao-resultado-360.jpg          133273 B
inspecao-resultado-768.jpg          199697 B
linha-1280.jpg                      330401 B
linha-360.jpg                       257275 B
linha-768.jpg                       354076 B
login-1280.jpg                       79658 B
login-360.jpg                        49936 B
login-768.jpg                        64650 B
painel-1280.jpg                     577935 B
painel-360.jpg                      443110 B
painel-768.jpg                      557441 B
